(base) root@autodl-container-93b9118200-51788ddf:~/LoRA/examples/NLG# python -m torch.distributed.launch --nproc_per_node=1 src/gpt2_ft.py \
    --train_data ./data/e2e/train_8k.jsonl \
    --valid_data ./data/e2e/valid_800.jsonl \
    --train_batch_size 8 \
    --grad_acc 1 \
    --valid_batch_size 4 \
    --seq_len 512 \
    --model_card gpt2.md \
    --init_checkpoint ./pretrained_checkpoints/gpt2-medium-pytorch_model.bin \
    --platform local \
    --clip 0.0 \
    --lr 0.0002 \
    --weight_decay 0.01 \
    --correct_bias \
    --adam_beta2 0.999 \
    --scheduler linear \
    --random_seed 110ned_models/GPT2_M/e2e \
/root/miniconda3/lib/python3.12/site-packages/torch/distributed/launch.py:183: FutureWarning: The module torch.distributed.launch is deprecated
and will be removed in future. Use torchrun.
Note that --use-env is set by default in torchrun.
If your script expects `--local-rank` argument to be set, please
change it to read from `os.environ['LOCAL_RANK']` instead. See 
https://pytorch.org/docs/stable/distributed.html#launch-utility for 
further instructions

  warnings.warn(
myrank: 0 local_rank: 0 device_count: 1 world_size: 1
====================================================================================================
        - platform : local
        - local_rank : 0
        - rank : 0
        - device : cuda:0
        - world_size : 1
        - random_seed : 110
        - lr : 0.0002
        - weight_decay : 0.01
        - correct_bias : True
        - adam_epislon : 1e-06
        - no_decay_bias : False
        - adam_beta1 : 0.9
        - adam_beta2 : 0.999
        - scheduler : linear
        - max_step : None
        - max_epoch : 5
        - warmup_step : 500
        - i_steps : 0
        - i_lrs : 0.00025
        - train_data : ./data/e2e/train_8k.jsonl
        - valid_data : ./data/e2e/valid_800.jsonl
        - train_batch_size : 8
        - valid_batch_size : 4
        - grad_acc : 1
        - clip : 0.0
        - seq_len : 512
        - model_card : gpt2.md
        - init_checkpoint : ./pretrained_checkpoints/gpt2-medium-pytorch_model.bin
        - fp16 : False
        - log_interval : 100
        - eval_interval : 2000
        - save_interval : 1000
        - work_dir : ./trained_models/GPT2_M/e2e
        - lora_dim : 4
        - lora_alpha : 32
        - obj : clm
        - lora_dropout : 0.1
        - label_smooth : 0.1
        - roll_interval : -1
        - roll_lr : 1e-05
        - roll_step : 100
        - eval_epoch : 1
        - dist : <module 'torch.distributed' from '/root/miniconda3/lib/python3.12/site-packages/torch/distributed/__init__.py'>
====================================================================================================
Experiment dir : ./trained_models/GPT2_M/e2e
loading model pretrained weight.
set max_step: 5000
start to train the model................ 1
/root/miniconda3/lib/python3.12/site-packages/loralib/layers.py:210: UserWarning: Plan failed with a cudnnException: CUDNN_BACKEND_EXECUTION_PLAN_DESCRIPTOR: cudnnFinalize Descriptor Failed cudnn_status: CUDNN_STATUS_NOT_SUPPORTED (Triggered internally at ../aten/src/ATen/native/cudnn/Conv_v8.cpp:919.)
  delta_w = F.conv1d(
/root/miniconda3/lib/python3.12/site-packages/torch/autograd/graph.py:744: UserWarning: Plan failed with a cudnnException: CUDNN_BACKEND_EXECUTION_PLAN_DESCRIPTOR: cudnnFinalize Descriptor Failed cudnn_status: CUDNN_STATUS_NOT_SUPPORTED (Triggered internally at ../aten/src/ATen/native/cudnn/Conv_v8.cpp:919.)
  return Variable._execution_engine.run_backward(  # Calls into the C++ engine to run the backward pass
/root/LoRA/examples/NLG/src/optimizer.py:117: UserWarning: This overload of addcdiv_ is deprecated:
        addcdiv_(Number value, Tensor tensor1, Tensor tensor2)
Consider using one of the following signatures instead:
        addcdiv_(Tensor tensor1, Tensor tensor2, *, Number value) (Triggered internally at ../torch/csrc/utils/python_arg_parser.cpp:1578.)
  p.data.addcdiv_(-step_size, exp_avg, denom)
| epoch   1 step      100 |    100 batches | lr 4e-05 | ms/batch 971.76 | loss  4.74 | avg loss  5.61 | ppl 274.23
| epoch   1 step      200 |    200 batches | lr 8e-05 | ms/batch 958.88 | loss  3.08 | avg loss  3.75 | ppl 42.48
| epoch   1 step      300 |    300 batches | lr 0.00012 | ms/batch 961.07 | loss  2.99 | avg loss  3.11 | ppl 22.35
| epoch   1 step      400 |    400 batches | lr 0.00016 | ms/batch 959.12 | loss  2.64 | avg loss  2.92 | ppl 18.54
| epoch   1 step      500 |    500 batches | lr 0.0002 | ms/batch 958.77 | loss  2.89 | avg loss  2.88 | ppl 17.83
| epoch   1 step      600 |    600 batches | lr 0.000196 | ms/batch 958.67 | loss  3.35 | avg loss  2.88 | ppl 17.76
| epoch   1 step      700 |    700 batches | lr 0.000191 | ms/batch 958.22 | loss  2.50 | avg loss  2.80 | ppl 16.40
| epoch   1 step      800 |    800 batches | lr 0.000187 | ms/batch 958.79 | loss  2.68 | avg loss  2.78 | ppl 16.20
| epoch   1 step      900 |    900 batches | lr 0.000182 | ms/batch 959.07 | loss  2.89 | avg loss  2.75 | ppl 15.60
| epoch   1 step     1000 |   1000 batches | lr 0.000178 | ms/batch 958.75 | loss  2.75 | avg loss  2.79 | ppl 16.30
saving checkpoint ./trained_models/GPT2_M/e2e/model.1000.pt
saving checkpoint ./trained_models/GPT2_M/e2e/model.1000.pt
start to train the model................ 2
| epoch   2 step     1100 |    100 batches | lr 0.000173 | ms/batch 959.33 | loss  2.69 | avg loss  2.77 | ppl 15.95
| epoch   2 step     1200 |    200 batches | lr 0.000169 | ms/batch 959.78 | loss  2.57 | avg loss  2.73 | ppl 15.30
| epoch   2 step     1300 |    300 batches | lr 0.000164 | ms/batch 960.43 | loss  3.05 | avg loss  2.70 | ppl 14.95
| epoch   2 step     1400 |    400 batches | lr 0.00016 | ms/batch 1280.86 | loss  2.34 | avg loss  2.70 | ppl 14.91
| epoch   2 step     1500 |    500 batches | lr 0.000156 | ms/batch 960.28 | loss  2.95 | avg loss  2.71 | ppl 14.98
| epoch   2 step     1600 |    600 batches | lr 0.000151 | ms/batch 959.53 | loss  2.67 | avg loss  2.71 | ppl 15.00
| epoch   2 step     1700 |    700 batches | lr 0.000147 | ms/batch 960.95 | loss  2.63 | avg loss  2.68 | ppl 14.65
| epoch   2 step     1800 |    800 batches | lr 0.000142 | ms/batch 961.38 | loss  2.39 | avg loss  2.67 | ppl 14.42
| epoch   2 step     1900 |    900 batches | lr 0.000138 | ms/batch 1279.55 | loss  2.61 | avg loss  2.70 | ppl 14.86
| epoch   2 step     2000 |   1000 batches | lr 0.000133 | ms/batch 993.56 | loss  2.49 | avg loss  2.65 | ppl 14.18
saving checkpoint ./trained_models/GPT2_M/e2e/model.2000.pt
/root/miniconda3/lib/python3.12/site-packages/torch/nn/_reduction.py:42: UserWarning: size_average and reduce args will be deprecated, please use reduction='none' instead.
  warnings.warn(warning.format(ret))
eval samples: 0 loss: tensor(1.3156, device='cuda:0')
eval samples: 100 loss: tensor(1.2828, device='cuda:0')
average loss 1.2951441368460654
----------------------------------------------------------------------------------------------------
| Eval   1 at step     2000 | time: 42.95s | valid loss  1.30 | valid ppl  3.65 | best ppl  3.65 
----------------------------------------------------------------------------------------------------
saving checkpoint ./trained_models/GPT2_M/e2e/model.2000.pt
start to train the model................ 3
| epoch   3 step     2100 |    100 batches | lr 0.000129 | ms/batch 961.56 | loss  2.65 | avg loss  2.68 | ppl 14.53
| epoch   3 step     2200 |    200 batches | lr 0.000124 | ms/batch 960.46 | loss  2.57 | avg loss  2.64 | ppl 14.00
| epoch   3 step     2300 |    300 batches | lr 0.00012 | ms/batch 960.05 | loss  2.81 | avg loss  2.66 | ppl 14.28
| epoch   3 step     2400 |    400 batches | lr 0.000116 | ms/batch 961.16 | loss  3.11 | avg loss  2.61 | ppl 13.65
| epoch   3 step     2500 |    500 batches | lr 0.000111 | ms/batch 963.98 | loss  2.68 | avg loss  2.65 | ppl 14.18
| epoch   3 step     2600 |    600 batches | lr 0.000107 | ms/batch 962.89 | loss  2.98 | avg loss  2.64 | ppl 13.97
| epoch   3 step     2700 |    700 batches | lr 0.000102 | ms/batch 959.70 | loss  2.69 | avg loss  2.66 | ppl 14.32
| epoch   3 step     2800 |    800 batches | lr 9.78e-05 | ms/batch 964.09 | loss  2.88 | avg loss  2.63 | ppl 13.84
| epoch   3 step     2900 |    900 batches | lr 9.33e-05 | ms/batch 960.38 | loss  2.55 | avg loss  2.63 | ppl 13.90
| epoch   3 step     3000 |   1000 batches | lr 8.89e-05 | ms/batch 959.75 | loss  2.34 | avg loss  2.64 | ppl 13.99
saving checkpoint ./trained_models/GPT2_M/e2e/model.3000.pt
saving checkpoint ./trained_models/GPT2_M/e2e/model.3000.pt
start to train the model................ 4
| epoch   4 step     3100 |    100 batches | lr 8.44e-05 | ms/batch 960.22 | loss  2.70 | avg loss  2.63 | ppl 13.81
| epoch   4 step     3200 |    200 batches | lr 8e-05 | ms/batch 960.46 | loss  2.57 | avg loss  2.59 | ppl 13.35
| epoch   4 step     3300 |    300 batches | lr 7.56e-05 | ms/batch 959.81 | loss  2.68 | avg loss  2.60 | ppl 13.47
| epoch   4 step     3400 |    400 batches | lr 7.11e-05 | ms/batch 959.56 | loss  2.67 | avg loss  2.61 | ppl 13.59
| epoch   4 step     3500 |    500 batches | lr 6.67e-05 | ms/batch 959.80 | loss  2.41 | avg loss  2.63 | ppl 13.85
| epoch   4 step     3600 |    600 batches | lr 6.22e-05 | ms/batch 959.92 | loss  2.85 | avg loss  2.60 | ppl 13.52
| epoch   4 step     3700 |    700 batches | lr 5.78e-05 | ms/batch 959.17 | loss  2.81 | avg loss  2.61 | ppl 13.55
| epoch   4 step     3800 |    800 batches | lr 5.33e-05 | ms/batch 959.94 | loss  2.67 | avg loss  2.57 | ppl 13.04
| epoch   4 step     3900 |    900 batches | lr 4.89e-05 | ms/batch 959.82 | loss  2.53 | avg loss  2.63 | ppl 13.90
| epoch   4 step     4000 |   1000 batches | lr 4.44e-05 | ms/batch 960.23 | loss  2.68 | avg loss  2.62 | ppl 13.68
saving checkpoint ./trained_models/GPT2_M/e2e/model.4000.pt
eval samples: 0 loss: tensor(1.3083, device='cuda:0')
eval samples: 100 loss: tensor(1.2415, device='cuda:0')
average loss 1.2432200887799263
----------------------------------------------------------------------------------------------------
| Eval   2 at step     4000 | time: 42.80s | valid loss  1.24 | valid ppl  3.47 | best ppl  3.47 
----------------------------------------------------------------------------------------------------
saving checkpoint ./trained_models/GPT2_M/e2e/model.4000.pt
start to train the model................ 5
| epoch   5 step     4100 |    100 batches | lr 4e-05 | ms/batch 960.49 | loss  2.65 | avg loss  2.59 | ppl 13.33
| epoch   5 step     4200 |    200 batches | lr 3.56e-05 | ms/batch 959.58 | loss  2.65 | avg loss  2.61 | ppl 13.66
| epoch   5 step     4300 |    300 batches | lr 3.11e-05 | ms/batch 959.86 | loss  2.53 | avg loss  2.58 | ppl 13.24
| epoch   5 step     4400 |    400 batches | lr 2.67e-05 | ms/batch 960.27 | loss  2.45 | avg loss  2.61 | ppl 13.64
| epoch   5 step     4500 |    500 batches | lr 2.22e-05 | ms/batch 960.00 | loss  2.58 | avg loss  2.59 | ppl 13.27
| epoch   5 step     4600 |    600 batches | lr 1.78e-05 | ms/batch 960.09 | loss  2.83 | avg loss  2.55 | ppl 12.84
| epoch   5 step     4700 |    700 batches | lr 1.33e-05 | ms/batch 960.21 | loss  2.35 | avg loss  2.57 | ppl 13.08
| epoch   5 step     4800 |    800 batches | lr 8.89e-06 | ms/batch 959.72 | loss  2.51 | avg loss  2.53 | ppl 12.57
| epoch   5 step     4900 |    900 batches | lr 4.44e-06 | ms/batch 963.96 | loss  2.89 | avg loss  2.59 | ppl 13.38
| epoch   5 step     5000 |   1000 batches | lr 0 | ms/batch 959.74 | loss  2.63 | avg loss  2.60 | ppl 13.51
saving checkpoint ./trained_models/GPT2_M/e2e/model.5000.pt
saving checkpoint ./trained_models/GPT2_M/e2e/model.5000.pt
----------------------------------------------------------------------------------------------------
End of training
cleanup dist ...