(base) root@autodl-container-48b1458428-ad21ddd9:~/LoRA/examples/NLG# python -m torch.distributed.launch --nproc_per_node=1 src/gpt2_ft.py \
    --train_data ./data/dart/train_1w.jsonl \
    --valid_data ./data/dart/valid_1k2.jsonl \
    --train_batch_size 8 \
    --grad_acc 1 \
    --valid_batch_size 4 \
    --seq_len 512 \
    --model_card gpt2.md \
    --init_checkpoint ./pretrained_checkpoints/gpt2-medium-pytorch_model.bin \
    --platform local \
    --clip 0.0 \
    --lr 0.0002 \
    --weight_decay 0.01 \
    --correct_bias \
    --adam_beta2 0.999 \
    --scheduler linear \
    --warmup_step 500 \
    --max_epoch 5 \
    --random_seed 110ned_models/GPT2_M/dart \
/root/miniconda3/lib/python3.12/site-packages/torch/distributed/launch.py:183: FutureWarning: The module torch.distributed.launch is deprecated
and will be removed in future. Use torchrun.
Note that --use-env is set by default in torchrun.
If your script expects `--local-rank` argument to be set, please
change it to read from `os.environ['LOCAL_RANK']` instead. See 
https://pytorch.org/docs/stable/distributed.html#launch-utility for 
further instructions

  warnings.warn(
myrank: 0 local_rank: 0 device_count: 1 world_size: 1
====================================================================================================
        - platform : local
        - local_rank : 0
        - rank : 0
        - device : cuda:0
        - world_size : 1
        - random_seed : 110
        - lr : 0.0002
        - weight_decay : 0.01
        - correct_bias : True
        - adam_epislon : 1e-06
        - no_decay_bias : False
        - adam_beta1 : 0.9
        - adam_beta2 : 0.999
        - scheduler : linear
        - max_step : None
        - max_epoch : 5
        - warmup_step : 500
        - i_steps : 0
        - i_lrs : 0.00025
        - train_data : ./data/dart/train_1w.jsonl
        - valid_data : ./data/dart/valid_1k2.jsonl
        - train_batch_size : 8
        - valid_batch_size : 4
        - grad_acc : 1
        - clip : 0.0
        - seq_len : 512
        - model_card : gpt2.md
        - init_checkpoint : ./pretrained_checkpoints/gpt2-medium-pytorch_model.bin
        - fp16 : False
        - log_interval : 100
        - eval_interval : 2000
        - save_interval : 1000
        - work_dir : ./trained_models/GPT2_M/dart
        - lora_dim : 4
        - lora_alpha : 32
        - obj : clm
        - lora_dropout : 0.1
        - label_smooth : 0.1
        - roll_interval : -1
        - roll_lr : 1e-05
        - roll_step : 100
        - eval_epoch : 1
        - dist : <module 'torch.distributed' from '/root/miniconda3/lib/python3.12/site-packages/torch/distributed/__init__.py'>
====================================================================================================
Experiment dir : ./trained_models/GPT2_M/dart
loading model pretrained weight.
set max_step: 6250
start to train the model................ 1
/root/miniconda3/lib/python3.12/site-packages/torch/autograd/graph.py:744: UserWarning: Plan failed with a cudnnException: CUDNN_BACKEND_EXECUTION_PLAN_DESCRIPTOR: cudnnFinalize Descriptor Failed cudnn_status: CUDNN_STATUS_NOT_SUPPORTED (Triggered internally at ../aten/src/ATen/native/cudnn/Conv_v8.cpp:919.)
  return Variable._execution_engine.run_backward(  # Calls into the C++ engine to run the backward pass
/root/LoRA/examples/NLG/src/optimizer.py:117: UserWarning: This overload of addcdiv_ is deprecated:
        addcdiv_(Number value, Tensor tensor1, Tensor tensor2)
Consider using one of the following signatures instead:
        addcdiv_(Tensor tensor1, Tensor tensor2, *, Number value) (Triggered internally at ../torch/csrc/utils/python_arg_parser.cpp:1578.)
  p.data.addcdiv_(-step_size, exp_avg, denom)
| epoch   1 step      100 |    100 batches | lr 4e-05 | ms/batch 715.94 | loss  4.70 | avg loss  5.54 | ppl 255.36
| epoch   1 step      200 |    200 batches | lr 8e-05 | ms/batch 715.81 | loss  3.58 | avg loss  4.01 | ppl 55.33
| epoch   1 step      300 |    300 batches | lr 0.00012 | ms/batch 716.68 | loss  3.76 | avg loss  3.37 | ppl 28.95
| epoch   1 step      400 |    400 batches | lr 0.00016 | ms/batch 716.51 | loss  3.21 | avg loss  3.19 | ppl 24.37
| epoch   1 step      500 |    500 batches | lr 0.0002 | ms/batch 716.52 | loss  3.10 | avg loss  3.14 | ppl 23.14
| epoch   1 step      600 |    600 batches | lr 0.000197 | ms/batch 716.10 | loss  3.23 | avg loss  3.13 | ppl 22.80
| epoch   1 step      700 |    700 batches | lr 0.000193 | ms/batch 715.96 | loss  3.14 | avg loss  3.08 | ppl 21.83
| epoch   1 step      800 |    800 batches | lr 0.00019 | ms/batch 715.78 | loss  3.26 | avg loss  3.05 | ppl 21.19
| epoch   1 step      900 |    900 batches | lr 0.000186 | ms/batch 716.04 | loss  2.96 | avg loss  3.05 | ppl 21.09
| epoch   1 step     1000 |   1000 batches | lr 0.000183 | ms/batch 716.41 | loss  3.20 | avg loss  3.05 | ppl 21.17
saving checkpoint ./trained_models/GPT2_M/dart/model.1000.pt
| epoch   1 step     1100 |   1100 batches | lr 0.000179 | ms/batch 716.74 | loss  2.69 | avg loss  2.99 | ppl 19.87
| epoch   1 step     1200 |   1200 batches | lr 0.000176 | ms/batch 716.45 | loss  3.12 | avg loss  2.97 | ppl 19.52
saving checkpoint ./trained_models/GPT2_M/dart/model.1250.pt
start to train the model................ 2
| epoch   2 step     1300 |     50 batches | lr 0.000172 | ms/batch 358.14 | loss  2.60 | avg loss  2.90 | ppl 18.09
| epoch   2 step     1400 |    150 batches | lr 0.000169 | ms/batch 716.49 | loss  2.98 | avg loss  2.95 | ppl 19.12
| epoch   2 step     1500 |    250 batches | lr 0.000165 | ms/batch 716.42 | loss  2.78 | avg loss  2.95 | ppl 19.06
| epoch   2 step     1600 |    350 batches | lr 0.000162 | ms/batch 716.76 | loss  3.35 | avg loss  2.97 | ppl 19.46
| epoch   2 step     1700 |    450 batches | lr 0.000158 | ms/batch 716.22 | loss  2.62 | avg loss  2.92 | ppl 18.54
| epoch   2 step     1800 |    550 batches | lr 0.000155 | ms/batch 716.37 | loss  2.91 | avg loss  2.93 | ppl 18.80
| epoch   2 step     1900 |    650 batches | lr 0.000151 | ms/batch 716.35 | loss  3.05 | avg loss  2.95 | ppl 19.09
| epoch   2 step     2000 |    750 batches | lr 0.000148 | ms/batch 716.69 | loss  2.75 | avg loss  2.88 | ppl 17.89
saving checkpoint ./trained_models/GPT2_M/dart/model.2000.pt
/root/miniconda3/lib/python3.12/site-packages/torch/nn/_reduction.py:42: UserWarning: size_average and reduce args will be deprecated, please use reduction='none' instead.
  warnings.warn(warning.format(ret))
eval samples: 0 loss: tensor(1.6579, device='cuda:0')
eval samples: 100 loss: tensor(1.0609, device='cuda:0')
eval samples: 200 loss: tensor(1.4774, device='cuda:0')
average loss 1.4917204016447068
----------------------------------------------------------------------------------------------------
| Eval   1 at step     2000 | time: 48.47s | valid loss  1.49 | valid ppl  4.44 | best ppl  4.44 
----------------------------------------------------------------------------------------------------
| epoch   2 step     2100 |    850 batches | lr 0.000144 | ms/batch 1201.45 | loss  3.29 | avg loss  2.95 | ppl 19.12
| epoch   2 step     2200 |    950 batches | lr 0.000141 | ms/batch 716.62 | loss  2.56 | avg loss  2.86 | ppl 17.49
| epoch   2 step     2300 |   1050 batches | lr 0.000137 | ms/batch 716.99 | loss  2.83 | avg loss  2.93 | ppl 18.79
| epoch   2 step     2400 |   1150 batches | lr 0.000134 | ms/batch 716.93 | loss  3.39 | avg loss  2.92 | ppl 18.49
| epoch   2 step     2500 |   1250 batches | lr 0.00013 | ms/batch 716.84 | loss  2.89 | avg loss  2.90 | ppl 18.19
saving checkpoint ./trained_models/GPT2_M/dart/model.2500.pt
start to train the model................ 3
| epoch   3 step     2600 |    100 batches | lr 0.000127 | ms/batch 716.20 | loss  2.67 | avg loss  2.85 | ppl 17.27
| epoch   3 step     2700 |    200 batches | lr 0.000123 | ms/batch 716.48 | loss  3.44 | avg loss  2.83 | ppl 16.97
| epoch   3 step     2800 |    300 batches | lr 0.00012 | ms/batch 716.45 | loss  2.52 | avg loss  2.82 | ppl 16.69
| epoch   3 step     2900 |    400 batches | lr 0.000117 | ms/batch 716.45 | loss  2.62 | avg loss  2.84 | ppl 17.19
| epoch   3 step     3000 |    500 batches | lr 0.000113 | ms/batch 716.52 | loss  2.76 | avg loss  2.84 | ppl 17.04
saving checkpoint ./trained_models/GPT2_M/dart/model.3000.pt
| epoch   3 step     3100 |    600 batches | lr 0.00011 | ms/batch 716.59 | loss  2.50 | avg loss  2.81 | ppl 16.67
| epoch   3 step     3200 |    700 batches | lr 0.000106 | ms/batch 716.55 | loss  3.04 | avg loss  2.83 | ppl 16.88
| epoch   3 step     3300 |    800 batches | lr 0.000103 | ms/batch 716.68 | loss  2.72 | avg loss  2.86 | ppl 17.41
| epoch   3 step     3400 |    900 batches | lr 9.91e-05 | ms/batch 716.79 | loss  2.31 | avg loss  2.87 | ppl 17.58
| epoch   3 step     3500 |   1000 batches | lr 9.57e-05 | ms/batch 716.77 | loss  2.97 | avg loss  2.87 | ppl 17.59
| epoch   3 step     3600 |   1100 batches | lr 9.22e-05 | ms/batch 716.92 | loss  2.78 | avg loss  2.85 | ppl 17.32
| epoch   3 step     3700 |   1200 batches | lr 8.87e-05 | ms/batch 716.91 | loss  2.85 | avg loss  2.84 | ppl 17.10
saving checkpoint ./trained_models/GPT2_M/dart/model.3750.pt
start to train the model................ 4
| epoch   4 step     3800 |     50 batches | lr 8.52e-05 | ms/batch 358.30 | loss  2.88 | avg loss  2.80 | ppl 16.52
| epoch   4 step     3900 |    150 batches | lr 8.17e-05 | ms/batch 716.98 | loss  3.55 | avg loss  2.81 | ppl 16.67
| epoch   4 step     4000 |    250 batches | lr 7.83e-05 | ms/batch 717.00 | loss  2.86 | avg loss  2.78 | ppl 16.12
saving checkpoint ./trained_models/GPT2_M/dart/model.4000.pt
eval samples: 0 loss: tensor(1.6293, device='cuda:0')
eval samples: 100 loss: tensor(1.0770, device='cuda:0')
eval samples: 200 loss: tensor(1.3698, device='cuda:0')
average loss 1.4715738509098688
----------------------------------------------------------------------------------------------------
| Eval   2 at step     4000 | time: 48.58s | valid loss  1.47 | valid ppl  4.36 | best ppl  4.36 
----------------------------------------------------------------------------------------------------
| epoch   4 step     4100 |    350 batches | lr 7.48e-05 | ms/batch 1202.66 | loss  2.76 | avg loss  2.79 | ppl 16.31
| epoch   4 step     4200 |    450 batches | lr 7.13e-05 | ms/batch 716.93 | loss  2.70 | avg loss  2.77 | ppl 15.94
| epoch   4 step     4300 |    550 batches | lr 6.78e-05 | ms/batch 717.33 | loss  3.09 | avg loss  2.80 | ppl 16.50
| epoch   4 step     4400 |    650 batches | lr 6.43e-05 | ms/batch 717.35 | loss  2.55 | avg loss  2.77 | ppl 15.97
| epoch   4 step     4500 |    750 batches | lr 6.09e-05 | ms/batch 717.34 | loss  2.94 | avg loss  2.82 | ppl 16.78
| epoch   4 step     4600 |    850 batches | lr 5.74e-05 | ms/batch 717.21 | loss  2.81 | avg loss  2.81 | ppl 16.55
| epoch   4 step     4700 |    950 batches | lr 5.39e-05 | ms/batch 717.00 | loss  2.47 | avg loss  2.76 | ppl 15.76
| epoch   4 step     4800 |   1050 batches | lr 5.04e-05 | ms/batch 717.10 | loss  2.82 | avg loss  2.75 | ppl 15.64
| epoch   4 step     4900 |   1150 batches | lr 4.7e-05 | ms/batch 717.22 | loss  2.92 | avg loss  2.76 | ppl 15.75
| epoch   4 step     5000 |   1250 batches | lr 4.35e-05 | ms/batch 716.99 | loss  2.98 | avg loss  2.78 | ppl 16.08
saving checkpoint ./trained_models/GPT2_M/dart/model.5000.pt
saving checkpoint ./trained_models/GPT2_M/dart/model.5000.pt
start to train the model................ 5
| epoch   5 step     5100 |    100 batches | lr 4e-05 | ms/batch 717.01 | loss  2.37 | avg loss  2.75 | ppl 15.66
| epoch   5 step     5200 |    200 batches | lr 3.65e-05 | ms/batch 716.62 | loss  3.01 | avg loss  2.77 | ppl 15.92
| epoch   5 step     5300 |    300 batches | lr 3.3e-05 | ms/batch 716.48 | loss  2.64 | avg loss  2.78 | ppl 16.06
| epoch   5 step     5400 |    400 batches | lr 2.96e-05 | ms/batch 716.74 | loss  2.57 | avg loss  2.76 | ppl 15.77
| epoch   5 step     5500 |    500 batches | lr 2.61e-05 | ms/batch 716.67 | loss  2.40 | avg loss  2.75 | ppl 15.67
| epoch   5 step     5600 |    600 batches | lr 2.26e-05 | ms/batch 716.40 | loss  2.77 | avg loss  2.74 | ppl 15.48
| epoch   5 step     5700 |    700 batches | lr 1.91e-05 | ms/batch 716.69 | loss  2.74 | avg loss  2.78 | ppl 16.19
| epoch   5 step     5800 |    800 batches | lr 1.57e-05 | ms/batch 716.72 | loss  2.75 | avg loss  2.79 | ppl 16.27
| epoch   5 step     5900 |    900 batches | lr 1.22e-05 | ms/batch 716.87 | loss  2.51 | avg loss  2.73 | ppl 15.34
| epoch   5 step     6000 |   1000 batches | lr 8.7e-06 | ms/batch 716.90 | loss  3.01 | avg loss  2.75 | ppl 15.59
saving checkpoint ./trained_models/GPT2_M/dart/model.6000.pt
eval samples: 0 loss: tensor(1.6384, device='cuda:0')
eval samples: 100 loss: tensor(1.0640, device='cuda:0')
eval samples: 200 loss: tensor(1.3462, device='cuda:0')
average loss 1.4772097313404082
----------------------------------------------------------------------------------------------------
| Eval   3 at step     6000 | time: 48.45s | valid loss  1.48 | valid ppl  4.38 | best ppl  4.38 
----------------------------------------------------------------------------------------------------
| epoch   5 step     6100 |   1100 batches | lr 5.22e-06 | ms/batch 1201.44 | loss  2.55 | avg loss  2.69 | ppl 14.78
| epoch   5 step     6200 |   1200 batches | lr 1.74e-06 | ms/batch 716.92 | loss  2.72 | avg loss  2.71 | ppl 15.10
saving checkpoint ./trained_models/GPT2_M/dart/model.6250.pt
----------------------------------------------------------------------------------------------------
End of training
cleanup dist ...