root@autodl-container-ac0a41b2f7-ea94078c:~/LoRA/examples/NLG# time python -m torch.distributed.launch --nproc_per_node=1 src/gpt2_ft.py \
    --train_data ./data/e2e/train_4k.jsonl \
    --valid_data ./data/e2e/valid_400.jsonl \
    --train_batch_size 4 \
    --grad_acc 1 \
    --valid_batch_size 2 \
    --seq_len 512 \
    --model_card gpt2.md \
    --init_checkpoint ./pretrained_checkpoints/gpt2-medium-pytorch_model_zip.bin \
    --platform local \
    --clip 0.0 \
    --lr 0.0002 \
    --weight_decay 0.01 \
    --correct_bias \
    --adam_beta2 0.999 \
    --scheduler linear \
    --random_seed 110ned_models/GPT2_M/e2e \
/root/miniconda3/lib/python3.12/site-packages/torch/distributed/launch.py:183: FutureWarning: The module torch.distributed.launch is deprecated
and will be removed in future. Use torchrun.
Note that --use-env is set by default in torchrun.
If your script expects `--local-rank` argument to be set, please
change it to read from `os.environ['LOCAL_RANK']` instead. See 
https://pytorch.org/docs/stable/distributed.html#launch-utility for 
further instructions

  warnings.warn(
myrank: 0 local_rank: 0 device_count: 1 world_size: 1
====================================================================================================
        - platform : local
        - local_rank : 0
        - rank : 0
        - device : cuda:0
        - world_size : 1
        - random_seed : 110
        - lr : 0.0002
        - weight_decay : 0.01
        - correct_bias : True
        - adam_epislon : 1e-06
        - no_decay_bias : False
        - adam_beta1 : 0.9
        - adam_beta2 : 0.999
        - scheduler : linear
        - max_step : None
        - max_epoch : 5
        - warmup_step : 500
        - i_steps : 0
        - i_lrs : 0.00025
        - train_data : ./data/e2e/train_4k.jsonl
        - valid_data : ./data/e2e/valid_400.jsonl
        - train_batch_size : 4
        - valid_batch_size : 2
        - grad_acc : 1
        - clip : 0.0
        - seq_len : 512
        - model_card : gpt2.md
        - init_checkpoint : ./pretrained_checkpoints/gpt2-medium-pytorch_model_zip.bin
        - fp16 : False
        - log_interval : 100
        - eval_interval : 1000
        - save_interval : 1000
        - work_dir : ./trained_models/GPT2_M/e2e
        - lora_dim : 4
        - lora_alpha : 32
        - obj : clm
        - lora_dropout : 0.1
        - label_smooth : 0.1
        - roll_interval : -1
        - roll_lr : 1e-05
        - roll_step : 100
        - eval_epoch : 1
        - dist : <module 'torch.distributed' from '/root/miniconda3/lib/python3.12/site-packages/torch/distributed/__init__.py'>
====================================================================================================
Experiment dir : ./trained_models/GPT2_M/e2e
INFO: train_data len: 4000
INFO: Steps(batch) in each Epoch: 1000
loading model pretrained weight.
INFO: default arg: world_size: 1
set max_step: 5000
start to train the model................ 1
/root/miniconda3/lib/python3.12/site-packages/torch/autograd/graph.py:744: UserWarning: Plan failed with a cudnnException: CUDNN_BACKEND_EXECUTION_PLAN_DESCRIPTOR: cudnnFinalize Descriptor Failed cudnn_status: CUDNN_STATUS_NOT_SUPPORTED (Triggered internally at ../aten/src/ATen/native/cudnn/Conv_v8.cpp:919.)
  return Variable._execution_engine.run_backward(  # Calls into the C++ engine to run the backward pass
/root/LoRA/examples/NLG/src/optimizer.py:117: UserWarning: This overload of addcdiv_ is deprecated:
        addcdiv_(Number value, Tensor tensor1, Tensor tensor2)
Consider using one of the following signatures instead:
        addcdiv_(Tensor tensor1, Tensor tensor2, *, Number value) (Triggered internally at ../torch/csrc/utils/python_arg_parser.cpp:1578.)
  p.data.addcdiv_(-step_size, exp_avg, denom)
| epoch   1 step      100 |    100 batches | lr 4e-05 | ms/batch 368.78 | loss  4.99 | avg loss  5.69 | ppl 296.07
| epoch   1 step      200 |    200 batches | lr 8e-05 | ms/batch 366.71 | loss  3.04 | avg loss  3.82 | ppl 45.79
| epoch   1 step      300 |    300 batches | lr 0.00012 | ms/batch 368.25 | loss  2.95 | avg loss  3.14 | ppl 23.17
| epoch   1 step      400 |    400 batches | lr 0.00016 | ms/batch 369.03 | loss  2.94 | avg loss  3.02 | ppl 20.49
| epoch   1 step      500 |    500 batches | lr 0.0002 | ms/batch 369.09 | loss  2.95 | avg loss  2.95 | ppl 19.17
| epoch   1 step      600 |    600 batches | lr 0.000196 | ms/batch 368.42 | loss  3.29 | avg loss  2.87 | ppl 17.72
| epoch   1 step      700 |    700 batches | lr 0.000191 | ms/batch 369.46 | loss  3.25 | avg loss  2.85 | ppl 17.27
| epoch   1 step      800 |    800 batches | lr 0.000187 | ms/batch 369.31 | loss  2.84 | avg loss  2.84 | ppl 17.06
| epoch   1 step      900 |    900 batches | lr 0.000182 | ms/batch 368.97 | loss  2.93 | avg loss  2.81 | ppl 16.67
| epoch   1 step     1000 |   1000 batches | lr 0.000178 | ms/batch 369.30 | loss  2.71 | avg loss  2.82 | ppl 16.85
saving checkpoint ./trained_models/GPT2_M/e2e/model.1000.pt
/root/miniconda3/lib/python3.12/site-packages/torch/nn/_reduction.py:42: UserWarning: size_average and reduce args will be deprecated, please use reduction='none' instead.
  warnings.warn(warning.format(ret))
eval samples: 0 loss: tensor(2.2754, device='cuda:0')
eval samples: 100 loss: tensor(1.8515, device='cuda:0')
average loss 1.4197230333089828
----------------------------------------------------------------------------------------------------
| Eval   1 at step     1000 | time: 16.71s | valid loss  1.42 | valid ppl  4.14 | best ppl  4.14 
----------------------------------------------------------------------------------------------------
saving checkpoint ./trained_models/GPT2_M/e2e/model.1000.pt
start to train the model................ 2
| epoch   2 step     1100 |    100 batches | lr 0.000173 | ms/batch 369.28 | loss  2.67 | avg loss  2.76 | ppl 15.76
| epoch   2 step     1200 |    200 batches | lr 0.000169 | ms/batch 369.39 | loss  2.72 | avg loss  2.78 | ppl 16.11
| epoch   2 step     1300 |    300 batches | lr 0.000164 | ms/batch 369.33 | loss  2.78 | avg loss  2.73 | ppl 15.26
| epoch   2 step     1400 |    400 batches | lr 0.00016 | ms/batch 368.88 | loss  3.24 | avg loss  2.75 | ppl 15.63
| epoch   2 step     1500 |    500 batches | lr 0.000156 | ms/batch 368.75 | loss  2.73 | avg loss  2.74 | ppl 15.42
| epoch   2 step     1600 |    600 batches | lr 0.000151 | ms/batch 369.09 | loss  2.80 | avg loss  2.75 | ppl 15.65
| epoch   2 step     1700 |    700 batches | lr 0.000147 | ms/batch 368.91 | loss  2.40 | avg loss  2.71 | ppl 15.10
| epoch   2 step     1800 |    800 batches | lr 0.000142 | ms/batch 368.83 | loss  3.21 | avg loss  2.68 | ppl 14.60
| epoch   2 step     1900 |    900 batches | lr 0.000138 | ms/batch 368.75 | loss  2.35 | avg loss  2.75 | ppl 15.60
| epoch   2 step     2000 |   1000 batches | lr 0.000133 | ms/batch 368.58 | loss  2.42 | avg loss  2.71 | ppl 15.02
saving checkpoint ./trained_models/GPT2_M/e2e/model.2000.pt
eval samples: 0 loss: tensor(2.0714, device='cuda:0')
eval samples: 100 loss: tensor(1.8864, device='cuda:0')
average loss 1.3407877278327942
----------------------------------------------------------------------------------------------------
| Eval   2 at step     2000 | time: 16.63s | valid loss  1.34 | valid ppl  3.82 | best ppl  3.82 
----------------------------------------------------------------------------------------------------
saving checkpoint ./trained_models/GPT2_M/e2e/model.2000.pt
start to train the model................ 3
| epoch   3 step     2100 |    100 batches | lr 0.000129 | ms/batch 368.79 | loss  2.74 | avg loss  2.64 | ppl 14.02
| epoch   3 step     2200 |    200 batches | lr 0.000124 | ms/batch 368.61 | loss  2.77 | avg loss  2.68 | ppl 14.59
| epoch   3 step     2300 |    300 batches | lr 0.00012 | ms/batch 368.91 | loss  2.53 | avg loss  2.66 | ppl 14.37
| epoch   3 step     2400 |    400 batches | lr 0.000116 | ms/batch 368.74 | loss  3.01 | avg loss  2.67 | ppl 14.49
| epoch   3 step     2500 |    500 batches | lr 0.000111 | ms/batch 369.24 | loss  2.50 | avg loss  2.67 | ppl 14.44
| epoch   3 step     2600 |    600 batches | lr 0.000107 | ms/batch 369.03 | loss  2.41 | avg loss  2.66 | ppl 14.36
| epoch   3 step     2700 |    700 batches | lr 0.000102 | ms/batch 368.63 | loss  2.42 | avg loss  2.66 | ppl 14.27
| epoch   3 step     2800 |    800 batches | lr 9.78e-05 | ms/batch 369.57 | loss  3.32 | avg loss  2.68 | ppl 14.65
| epoch   3 step     2900 |    900 batches | lr 9.33e-05 | ms/batch 368.95 | loss  2.49 | avg loss  2.67 | ppl 14.43
| epoch   3 step     3000 |   1000 batches | lr 8.89e-05 | ms/batch 368.86 | loss  2.56 | avg loss  2.67 | ppl 14.43
saving checkpoint ./trained_models/GPT2_M/e2e/model.3000.pt
eval samples: 0 loss: tensor(2.0881, device='cuda:0')
eval samples: 100 loss: tensor(1.8996, device='cuda:0')
average loss 1.3078481882810593
----------------------------------------------------------------------------------------------------
| Eval   3 at step     3000 | time: 16.63s | valid loss  1.31 | valid ppl  3.70 | best ppl  3.70 
----------------------------------------------------------------------------------------------------
saving checkpoint ./trained_models/GPT2_M/e2e/model.3000.pt
start to train the model................ 4
| epoch   4 step     3100 |    100 batches | lr 8.44e-05 | ms/batch 368.80 | loss  2.71 | avg loss  2.62 | ppl 13.74
| epoch   4 step     3200 |    200 batches | lr 8e-05 | ms/batch 368.61 | loss  2.50 | avg loss  2.61 | ppl 13.62
| epoch   4 step     3300 |    300 batches | lr 7.56e-05 | ms/batch 367.95 | loss  3.06 | avg loss  2.65 | ppl 14.17
| epoch   4 step     3400 |    400 batches | lr 7.11e-05 | ms/batch 369.06 | loss  2.50 | avg loss  2.61 | ppl 13.65
| epoch   4 step     3500 |    500 batches | lr 6.67e-05 | ms/batch 368.77 | loss  2.97 | avg loss  2.60 | ppl 13.47
| epoch   4 step     3600 |    600 batches | lr 6.22e-05 | ms/batch 368.09 | loss  2.17 | avg loss  2.66 | ppl 14.37
| epoch   4 step     3700 |    700 batches | lr 5.78e-05 | ms/batch 368.03 | loss  2.58 | avg loss  2.62 | ppl 13.67
| epoch   4 step     3800 |    800 batches | lr 5.33e-05 | ms/batch 368.43 | loss  2.70 | avg loss  2.63 | ppl 13.82
| epoch   4 step     3900 |    900 batches | lr 4.89e-05 | ms/batch 367.84 | loss  2.33 | avg loss  2.60 | ppl 13.53
| epoch   4 step     4000 |   1000 batches | lr 4.44e-05 | ms/batch 368.56 | loss  2.64 | avg loss  2.64 | ppl 13.95
saving checkpoint ./trained_models/GPT2_M/e2e/model.4000.pt
eval samples: 0 loss: tensor(2.0094, device='cuda:0')
eval samples: 100 loss: tensor(1.9195, device='cuda:0')
average loss 1.2986910241842269
----------------------------------------------------------------------------------------------------
| Eval   4 at step     4000 | time: 16.65s | valid loss  1.30 | valid ppl  3.66 | best ppl  3.66 
----------------------------------------------------------------------------------------------------
saving checkpoint ./trained_models/GPT2_M/e2e/model.4000.pt
start to train the model................ 5
| epoch   5 step     4100 |    100 batches | lr 4e-05 | ms/batch 368.90 | loss  2.51 | avg loss  2.63 | ppl 13.82
| epoch   5 step     4200 |    200 batches | lr 3.56e-05 | ms/batch 368.84 | loss  2.13 | avg loss  2.59 | ppl 13.38
| epoch   5 step     4300 |    300 batches | lr 3.11e-05 | ms/batch 368.38 | loss  2.47 | avg loss  2.58 | ppl 13.18
| epoch   5 step     4400 |    400 batches | lr 2.67e-05 | ms/batch 368.55 | loss  2.68 | avg loss  2.60 | ppl 13.41
| epoch   5 step     4500 |    500 batches | lr 2.22e-05 | ms/batch 369.96 | loss  2.78 | avg loss  2.61 | ppl 13.59
| epoch   5 step     4600 |    600 batches | lr 1.78e-05 | ms/batch 369.51 | loss  2.61 | avg loss  2.62 | ppl 13.72
| epoch   5 step     4700 |    700 batches | lr 1.33e-05 | ms/batch 368.90 | loss  2.40 | avg loss  2.56 | ppl 12.89
| epoch   5 step     4800 |    800 batches | lr 8.89e-06 | ms/batch 369.85 | loss  2.24 | avg loss  2.56 | ppl 12.95
| epoch   5 step     4900 |    900 batches | lr 4.44e-06 | ms/batch 369.29 | loss  2.44 | avg loss  2.61 | ppl 13.57
| epoch   5 step     5000 |   1000 batches | lr 0 | ms/batch 369.26 | loss  2.59 | avg loss  2.59 | ppl 13.27
saving checkpoint ./trained_models/GPT2_M/e2e/model.5000.pt
eval samples: 0 loss: tensor(2.0159, device='cuda:0')
eval samples: 100 loss: tensor(1.9356, device='cuda:0')
average loss 1.2927991724014283
----------------------------------------------------------------------------------------------------
| Eval   5 at step     5000 | time: 16.65s | valid loss  1.29 | valid ppl  3.64 | best ppl  3.64 
----------------------------------------------------------------------------------------------------
saving checkpoint ./trained_models/GPT2_M/e2e/model.5000.pt
----------------------------------------------------------------------------------------------------
End of training
cleanup dist ...

real    32m31.739s
user    32m24.902s
sys     0m14.493s