root@autodl-container-ac0a41b2f7-ea94078c:~/LoRA/examples/NLG# # 缩小10倍
head -n 5000 ./data/dart/train.jsonl > ./data/dart/train_5k.jsonl
head -n 600 ./data/dart//valid.jsonl > ./data/dart/valid_600.jsonl

head -n 1000 ./data/dart/test.jsonl > ./data/dart/test_1k.jsonl
head -n 1000 ./data/dart/test_formatted.jsonl > ./data/dart/test_formatted_1k.jsonl
root@autodl-container-ac0a41b2f7-ea94078c:~/LoRA/examples/NLG# bash bash/dart/jittor.sh
[i 0706 16:57:01.935388 80 compiler.py:956] Jittor(1.3.9.14) src: /root/miniconda3/lib/python3.12/site-packages/jittor
[i 0706 16:57:01.938608 80 compiler.py:957] g++ at /usr/bin/g++(11.4.0)
[i 0706 16:57:01.938704 80 compiler.py:958] cache_path: /root/.cache/jittor/jt1.3.9/g++11.4.0/py3.12.2/Linux-5.15.0-1x3d/IntelRXeonRGolxec/a83b/default
[i 0706 16:57:01.942589 80 __init__.py:412] Found nvcc(12.1.105) at /usr/local/cuda/bin/nvcc.
[i 0706 16:57:01.944558 80 __init__.py:412] Found addr2line(2.38) at /usr/bin/addr2line.
[i 0706 16:57:02.253031 80 compiler.py:1013] cuda key:cu12.1.105_sm_86
[i 0706 16:57:02.697515 80 __init__.py:227] Total mem: 503.52GB, using 16 procs for compiling.
[i 0706 16:57:02.813783 80 jit_compiler.cc:28] Load cc_path: /usr/bin/g++
[i 0706 16:57:03.083284 80 init.cc:63] Found cuda archs: [86,]
[i 0706 16:57:04.821592 80 cuda_flags.cc:55] CUDA enabled.
====================================================================================================
        - platform : local
        - local_rank : 0
        - rank : 0
        - device : 0
        - world_size : 0
        - random_seed : 110
        - lr : 0.0002
        - weight_decay : 0.01
        - correct_bias : True
        - adam_epislon : 1e-06
        - no_decay_bias : False
        - adam_beta1 : 0.9
        - adam_beta2 : 0.999
        - scheduler : linear
        - max_step : None
        - max_epoch : 5
        - warmup_step : 500
        - i_steps : 0
        - i_lrs : 0.00025
        - train_data : ./data/dart/train_5k.jsonl
        - valid_data : ./data/dart/valid_600.jsonl
        - train_batch_size : 4
        - valid_batch_size : 2
        - grad_acc : 1
        - clip : 0.0
        - seq_len : 512
        - model_card : gpt2.md
        - init_checkpoint : ./pretrained_checkpoints/gpt2-medium-pytorch_model_zip.bin
        - fp16 : False
        - log_interval : 100
        - eval_interval : 1000
        - save_interval : 1000
        - work_dir : ./trained_models_jittor/GPT2_M/dart
        - lora_dim : 4
        - lora_alpha : 32
        - obj : clm
        - lora_dropout : 0.1
        - label_smooth : 0.1
        - roll_interval : -1
        - roll_lr : 1e-05
        - roll_step : 100
        - eval_epoch : 1
====================================================================================================
Experiment dir : ./trained_models_jittor/GPT2_M/dart
loading model pretrained weight.
set max_step: 6250
start to train the model................ 1
/root/LoRA/examples/NLG/src_jittor/gpt2_ft.py:214: DeprecationWarning: Conversion of an array with ndim > 0 to a scalar is deprecated, and will error in future. Ensure you extract a single element from your array before performing this operation. (Deprecated NumPy 1.25.)
  avg_lm_loss.update(float(_lm_loss.data))
| epoch   1 step      100 |    100 batches | lr 4e-05 | ms/batch 544.24 | loss  4.08 | avg loss  5.55 | ppl 256.71
| epoch   1 step      200 |    200 batches | lr 8e-05 | ms/batch 540.34 | loss  3.46 | avg loss  4.11 | ppl 60.97
| epoch   1 step      300 |    300 batches | lr 0.00012 | ms/batch 541.75 | loss  4.41 | avg loss  3.38 | ppl 29.49
| epoch   1 step      400 |    400 batches | lr 0.00016 | ms/batch 541.24 | loss  4.07 | avg loss  3.32 | ppl 27.70
| epoch   1 step      500 |    500 batches | lr 0.0002 | ms/batch 541.36 | loss  3.28 | avg loss  3.20 | ppl 24.45
| epoch   1 step      600 |    600 batches | lr 0.000197 | ms/batch 541.94 | loss  3.40 | avg loss  3.17 | ppl 23.84
| epoch   1 step      700 |    700 batches | lr 0.000193 | ms/batch 541.33 | loss  3.51 | avg loss  3.15 | ppl 23.25
| epoch   1 step      800 |    800 batches | lr 0.00019 | ms/batch 542.38 | loss  3.34 | avg loss  3.17 | ppl 23.89
| epoch   1 step      900 |    900 batches | lr 0.000186 | ms/batch 541.74 | loss  3.98 | avg loss  3.12 | ppl 22.69
| epoch   1 step     1000 |   1000 batches | lr 0.000183 | ms/batch 543.21 | loss  3.29 | avg loss  3.09 | ppl 21.95
saving checkpoint ./trained_models_jittor/GPT2_M/dart/model.1000.pt
eval samples: 0 loss: jt.Var([1.4539415], dtype=float32)
eval samples: 100 loss: jt.Var([1.3231659], dtype=float32)
eval samples: 200 loss: jt.Var([2.1940753], dtype=float32)
average loss 1.7433457296093304
----------------------------------------------------------------------------------------------------
| Eval   1 at step     1000 | time: 38.19s | valid loss  1.74 | valid ppl  5.72 | best ppl  5.72 
----------------------------------------------------------------------------------------------------
| epoch   1 step     1100 |   1100 batches | lr 0.000179 | ms/batch 924.94 | loss  2.69 | avg loss  3.08 | ppl 21.68
| epoch   1 step     1200 |   1200 batches | lr 0.000176 | ms/batch 543.00 | loss  3.32 | avg loss  3.07 | ppl 21.62
saving checkpoint ./trained_models_jittor/GPT2_M/dart/model.1250.pt
start to train the model................ 2
| epoch   2 step     1300 |     50 batches | lr 0.000172 | ms/batch 269.65 | loss  3.59 | avg loss  3.11 | ppl 22.40
| epoch   2 step     1400 |    150 batches | lr 0.000169 | ms/batch 541.78 | loss  2.99 | avg loss  3.06 | ppl 21.23
| epoch   2 step     1500 |    250 batches | lr 0.000165 | ms/batch 541.79 | loss  3.04 | avg loss  3.09 | ppl 21.93
| epoch   2 step     1600 |    350 batches | lr 0.000162 | ms/batch 541.07 | loss  3.09 | avg loss  3.03 | ppl 20.60
| epoch   2 step     1700 |    450 batches | lr 0.000158 | ms/batch 541.73 | loss  2.56 | avg loss  2.96 | ppl 19.39
| epoch   2 step     1800 |    550 batches | lr 0.000155 | ms/batch 541.40 | loss  2.76 | avg loss  2.94 | ppl 18.89
| epoch   2 step     1900 |    650 batches | lr 0.000151 | ms/batch 541.11 | loss  3.26 | avg loss  2.95 | ppl 19.09
| epoch   2 step     2000 |    750 batches | lr 0.000148 | ms/batch 541.78 | loss  2.89 | avg loss  2.99 | ppl 19.90
saving checkpoint ./trained_models_jittor/GPT2_M/dart/model.2000.pt
eval samples: 0 loss: jt.Var([1.400305], dtype=float32)
eval samples: 100 loss: jt.Var([1.3308611], dtype=float32)
eval samples: 200 loss: jt.Var([2.1933517], dtype=float32)
average loss 1.6557302362720172
----------------------------------------------------------------------------------------------------
| Eval   2 at step     2000 | time: 38.20s | valid loss  1.66 | valid ppl  5.24 | best ppl  5.24 
----------------------------------------------------------------------------------------------------
| epoch   2 step     2100 |    850 batches | lr 0.000144 | ms/batch 923.40 | loss  2.66 | avg loss  2.91 | ppl 18.27
| epoch   2 step     2200 |    950 batches | lr 0.000141 | ms/batch 542.77 | loss  2.45 | avg loss  3.00 | ppl 20.14
| epoch   2 step     2300 |   1050 batches | lr 0.000137 | ms/batch 542.39 | loss  2.32 | avg loss  2.95 | ppl 19.19
| epoch   2 step     2400 |   1150 batches | lr 0.000134 | ms/batch 543.19 | loss  3.72 | avg loss  2.89 | ppl 17.96
| epoch   2 step     2500 |   1250 batches | lr 0.00013 | ms/batch 543.33 | loss  2.73 | avg loss  2.96 | ppl 19.35
saving checkpoint ./trained_models_jittor/GPT2_M/dart/model.2500.pt
start to train the model................ 3
| epoch   3 step     2600 |    100 batches | lr 0.000127 | ms/batch 539.46 | loss  2.54 | avg loss  2.92 | ppl 18.49
| epoch   3 step     2700 |    200 batches | lr 0.000123 | ms/batch 544.32 | loss  2.95 | avg loss  3.01 | ppl 20.39
| epoch   3 step     2800 |    300 batches | lr 0.00012 | ms/batch 544.07 | loss  3.92 | avg loss  2.89 | ppl 17.95
| epoch   3 step     2900 |    400 batches | lr 0.000117 | ms/batch 544.39 | loss  3.76 | avg loss  2.91 | ppl 18.42
| epoch   3 step     3000 |    500 batches | lr 0.000113 | ms/batch 543.60 | loss  2.85 | avg loss  2.84 | ppl 17.14
saving checkpoint ./trained_models_jittor/GPT2_M/dart/model.3000.pt
eval samples: 0 loss: jt.Var([1.2126536], dtype=float32)
eval samples: 100 loss: jt.Var([1.3848107], dtype=float32)
eval samples: 200 loss: jt.Var([2.066048], dtype=float32)
average loss 1.6199201222260793
----------------------------------------------------------------------------------------------------
| Eval   3 at step     3000 | time: 38.06s | valid loss  1.62 | valid ppl  5.05 | best ppl  5.05 
----------------------------------------------------------------------------------------------------
| epoch   3 step     3100 |    600 batches | lr 0.00011 | ms/batch 925.48 | loss  3.10 | avg loss  2.85 | ppl 17.34
| epoch   3 step     3200 |    700 batches | lr 0.000106 | ms/batch 543.95 | loss  3.19 | avg loss  2.83 | ppl 17.00
| epoch   3 step     3300 |    800 batches | lr 0.000103 | ms/batch 544.39 | loss  3.17 | avg loss  2.87 | ppl 17.57
| epoch   3 step     3400 |    900 batches | lr 9.91e-05 | ms/batch 542.24 | loss  3.60 | avg loss  2.85 | ppl 17.28
| epoch   3 step     3500 |   1000 batches | lr 9.57e-05 | ms/batch 542.85 | loss  2.94 | avg loss  2.83 | ppl 16.95
| epoch   3 step     3600 |   1100 batches | lr 9.22e-05 | ms/batch 542.79 | loss  2.55 | avg loss  2.85 | ppl 17.23
| epoch   3 step     3700 |   1200 batches | lr 8.87e-05 | ms/batch 543.29 | loss  3.12 | avg loss  2.84 | ppl 17.04
saving checkpoint ./trained_models_jittor/GPT2_M/dart/model.3750.pt
start to train the model................ 4
| epoch   4 step     3800 |     50 batches | lr 8.52e-05 | ms/batch 267.70 | loss  3.36 | avg loss  2.88 | ppl 17.90
| epoch   4 step     3900 |    150 batches | lr 8.17e-05 | ms/batch 540.94 | loss  2.85 | avg loss  2.85 | ppl 17.31
| epoch   4 step     4000 |    250 batches | lr 7.83e-05 | ms/batch 540.81 | loss  2.85 | avg loss  2.88 | ppl 17.88
saving checkpoint ./trained_models_jittor/GPT2_M/dart/model.4000.pt
eval samples: 0 loss: jt.Var([1.1893344], dtype=float32)
eval samples: 100 loss: jt.Var([1.3468663], dtype=float32)
eval samples: 200 loss: jt.Var([1.987596], dtype=float32)
average loss 1.6142256515224775
----------------------------------------------------------------------------------------------------
| Eval   4 at step     4000 | time: 37.48s | valid loss  1.61 | valid ppl  5.02 | best ppl  5.02 
----------------------------------------------------------------------------------------------------
| epoch   4 step     4100 |    350 batches | lr 7.48e-05 | ms/batch 915.81 | loss  2.84 | avg loss  2.83 | ppl 17.02
| epoch   4 step     4200 |    450 batches | lr 7.13e-05 | ms/batch 540.88 | loss  2.30 | avg loss  2.78 | ppl 16.07
| epoch   4 step     4300 |    550 batches | lr 6.78e-05 | ms/batch 542.46 | loss  2.64 | avg loss  2.77 | ppl 15.90
| epoch   4 step     4400 |    650 batches | lr 6.43e-05 | ms/batch 540.84 | loss  2.97 | avg loss  2.77 | ppl 15.91
| epoch   4 step     4500 |    750 batches | lr 6.09e-05 | ms/batch 543.57 | loss  2.70 | avg loss  2.80 | ppl 16.48
| epoch   4 step     4600 |    850 batches | lr 5.74e-05 | ms/batch 543.82 | loss  2.56 | avg loss  2.74 | ppl 15.52
| epoch   4 step     4700 |    950 batches | lr 5.39e-05 | ms/batch 543.16 | loss  2.27 | avg loss  2.83 | ppl 16.93
| epoch   4 step     4800 |   1050 batches | lr 5.04e-05 | ms/batch 542.67 | loss  2.20 | avg loss  2.79 | ppl 16.30
| epoch   4 step     4900 |   1150 batches | lr 4.7e-05 | ms/batch 542.55 | loss  3.55 | avg loss  2.75 | ppl 15.57
| epoch   4 step     5000 |   1250 batches | lr 4.35e-05 | ms/batch 542.70 | loss  2.61 | avg loss  2.81 | ppl 16.57
saving checkpoint ./trained_models_jittor/GPT2_M/dart/model.5000.pt
eval samples: 0 loss: jt.Var([1.1714208], dtype=float32)
eval samples: 100 loss: jt.Var([1.3514149], dtype=float32)
eval samples: 200 loss: jt.Var([1.8748757], dtype=float32)
average loss 1.6146897720297178
----------------------------------------------------------------------------------------------------
| Eval   5 at step     5000 | time: 38.28s | valid loss  1.61 | valid ppl  5.03 | best ppl  5.02 
----------------------------------------------------------------------------------------------------
saving checkpoint ./trained_models_jittor/GPT2_M/dart/model.5000.pt
start to train the model................ 5
| epoch   5 step     5100 |    100 batches | lr 4e-05 | ms/batch 539.66 | loss  2.47 | avg loss  2.77 | ppl 16.02
| epoch   5 step     5200 |    200 batches | lr 3.65e-05 | ms/batch 542.26 | loss  2.67 | avg loss  2.88 | ppl 17.77
| epoch   5 step     5300 |    300 batches | lr 3.3e-05 | ms/batch 542.73 | loss  3.75 | avg loss  2.75 | ppl 15.70
| epoch   5 step     5400 |    400 batches | lr 2.96e-05 | ms/batch 542.66 | loss  3.61 | avg loss  2.77 | ppl 15.95
| epoch   5 step     5500 |    500 batches | lr 2.61e-05 | ms/batch 544.34 | loss  2.67 | avg loss  2.72 | ppl 15.11
| epoch   5 step     5600 |    600 batches | lr 2.26e-05 | ms/batch 543.44 | loss  2.99 | avg loss  2.73 | ppl 15.28
| epoch   5 step     5700 |    700 batches | lr 1.91e-05 | ms/batch 542.87 | loss  3.11 | avg loss  2.72 | ppl 15.17
| epoch   5 step     5800 |    800 batches | lr 1.57e-05 | ms/batch 544.12 | loss  3.05 | avg loss  2.74 | ppl 15.50
| epoch   5 step     5900 |    900 batches | lr 1.22e-05 | ms/batch 545.76 | loss  3.43 | avg loss  2.74 | ppl 15.46
| epoch   5 step     6000 |   1000 batches | lr 8.7e-06 | ms/batch 544.27 | loss  2.78 | avg loss  2.71 | ppl 15.07
saving checkpoint ./trained_models_jittor/GPT2_M/dart/model.6000.pt
eval samples: 0 loss: jt.Var([1.1240538], dtype=float32)
eval samples: 100 loss: jt.Var([1.3332005], dtype=float32)
eval samples: 200 loss: jt.Var([1.9606211], dtype=float32)
average loss 1.5934399381279944
----------------------------------------------------------------------------------------------------
| Eval   6 at step     6000 | time: 38.20s | valid loss  1.59 | valid ppl  4.92 | best ppl  4.92 
----------------------------------------------------------------------------------------------------
| epoch   5 step     6100 |   1100 batches | lr 5.22e-06 | ms/batch 926.21 | loss  2.52 | avg loss  2.74 | ppl 15.51
| epoch   5 step     6200 |   1200 batches | lr 1.74e-06 | ms/batch 542.82 | loss  3.01 | avg loss  2.74 | ppl 15.51
saving checkpoint ./trained_models_jittor/GPT2_M/dart/model.6250.pt
----------------------------------------------------------------------------------------------------
End of training
cleanup dist ...

real    60m52.146s
user    57m23.069s
sys     3m34.814s