root@autodl-container-ac0a41b2f7-ea94078c:~/LoRA/examples/NLG# time python src_jittor/gpt2_beam.py \
    --data ./data/webnlg_challenge_2017/test_200.jsonl \
    --batch_size 1 \
    --seq_len 512 \
    --eval_len 64 \
    --model_card gpt2.md \
    --init_checkpoint ./trained_models_jittor/GPT2_M/webnlg_challenge_2017/model.2500.pt \
    --platform local \
    --lora_dim 4 \
    --lora_alpha 32 \
    --beam 10 \
    --length_penalty 0.8 \
    --no_repeat_ngram_size 4 \
    --repetition_penalty 1.0 \
    --eos_token_id 628 \
    --work_dir ./trained_models_jittor/GPT2_M/webnlg_challenge_2017 \
    --output_file predict.2500.b10p08r4.jsonl
[i 0706 12:50:13.806053 00 compiler.py:956] Jittor(1.3.9.14) src: /root/miniconda3/lib/python3.12/site-packages/jittor
[i 0706 12:50:13.808609 00 compiler.py:957] g++ at /usr/bin/g++(11.4.0)
[i 0706 12:50:13.808760 00 compiler.py:958] cache_path: /root/.cache/jittor/jt1.3.9/g++11.4.0/py3.12.2/Linux-5.15.0-1x3d/IntelRXeonRGolxec/a83b/default
[i 0706 12:50:13.813604 00 __init__.py:412] Found nvcc(12.1.105) at /usr/local/cuda/bin/nvcc.
[i 0706 12:50:13.815917 00 __init__.py:412] Found addr2line(2.38) at /usr/bin/addr2line.
[i 0706 12:50:14.094938 00 compiler.py:1013] cuda key:cu12.1.105_sm_86
[i 0706 12:50:14.650706 00 __init__.py:227] Total mem: 503.52GB, using 16 procs for compiling.
[i 0706 12:50:14.773237 00 jit_compiler.cc:28] Load cc_path: /usr/bin/g++
[i 0706 12:50:15.057321 00 init.cc:63] Found cuda archs: [86,]
====================================================================================================
        - platform : local
        - local_rank : 0
        - rank : 0
        - device : 0
        - world_size : 0
        - random_seed : 10
        - data : ./data/webnlg_challenge_2017/test_200.jsonl
        - batch_size : 1
        - seq_len : 512
        - eval_len : 64
        - min_length : 0
        - model_card : gpt2.md
        - init_checkpoint : ./trained_models_jittor/GPT2_M/webnlg_challenge_2017/model.2500.pt
        - lora_dim : 4
        - lora_alpha : 32
        - work_dir : ./trained_models_jittor/GPT2_M/webnlg_challenge_2017
        - beam : 10
        - length_penalty : 0.8
        - no_repeat_ngram_size : 4
        - repetition_penalty : 1.0
        - eos_token_id : [50256, 628]
        - output_file : predict.2500.b10p08r4.jsonl
====================================================================================================
Experiment dir : ./trained_models_jittor/GPT2_M/webnlg_challenge_2017
loading model pretrained weight.
[i 0706 12:50:19.977296 00 cuda_flags.cc:55] CUDA enabled.
model sampling ...
inference samples 0
inference samples 10
inference samples 20
inference samples 30
inference samples 40
inference samples 50
inference samples 60
inference samples 70
inference samples 80
inference samples 90
inference samples 100
inference samples 110
inference samples 120
inference samples 130
inference samples 140
inference samples 150
inference samples 160
inference samples 170
inference samples 180
inference samples 190
saving prediction file ./trained_models_jittor/GPT2_M/webnlg_challenge_2017/predict.2500.b10p08r4.jsonl
cleanup dist ...

real    12m48.815s
user    12m46.485s
sys     0m5.599s